11-10-2021 22:16:52.719 [main] org.hibernate.jpa.internal.util.LogHelper - PersistenceUnitInfo [
	name: default
	persistence provider classname: null
	classloader: jdk.internal.loader.ClassLoaders$AppClassLoader@2cdf8d8a
	excludeUnlistedClasses: true
	JTA datasource: null
	Non JTA datasource: HikariDataSource (HikariPool-1)
	Transaction type: RESOURCE_LOCAL
	PU root URL: file:/C:/Users/Leonel/Documents/java-workspace/loan-api/target/classes/
	Shared Cache Mode: UNSPECIFIED
	Validation Mode: AUTO
	Jar files URLs []
	Managed classes names [
		com.example.loanapi.model.Loan
		com.example.loanapi.model.User]
	Mapping files names []
	Properties []
11-10-2021 22:16:52.729 [main] org.hibernate.integrator.internal.IntegratorServiceImpl - Adding Integrator [org.hibernate.cfg.beanvalidation.BeanValidationIntegrator].
11-10-2021 22:16:52.731 [main] org.hibernate.integrator.internal.IntegratorServiceImpl - Adding Integrator [org.hibernate.secure.spi.JaccIntegrator].
11-10-2021 22:16:52.732 [main] org.hibernate.integrator.internal.IntegratorServiceImpl - Adding Integrator [org.hibernate.cache.internal.CollectionCacheInvalidator].
11-10-2021 22:16:52.753 [main] org.hibernate.Version - HHH000412: Hibernate ORM core version 5.4.32.Final
11-10-2021 22:16:52.755 [main] org.hibernate.cfg.Environment - HHH000206: hibernate.properties not found
11-10-2021 22:16:52.817 [main] org.hibernate.service.spi.ServiceBinding - Overriding existing service binding [org.hibernate.secure.spi.JaccService]
11-10-2021 22:16:52.824 [main] org.hibernate.cache.internal.RegionFactoryInitiator - Cannot default RegionFactory based on registered strategies as `[]` RegionFactory strategies were registered
11-10-2021 22:16:52.826 [main] org.hibernate.cache.internal.RegionFactoryInitiator - Cache region factory : org.hibernate.cache.internal.NoCachingRegionFactory
11-10-2021 22:16:52.836 [main] org.hibernate.annotations.common.Version - HCANN000001: Hibernate Commons Annotations {5.1.2.Final}
11-10-2021 22:16:52.852 [main] org.hibernate.type.BasicTypeRegistry - Adding type registration boolean -> org.hibernate.type.BooleanType@3830b06c
11-10-2021 22:16:52.853 [main] org.hibernate.type.BasicTypeRegistry - Adding type registration boolean -> org.hibernate.type.BooleanType@3830b06c
11-10-2021 22:16:52.854 [main] org.hibernate.type.BasicTypeRegistry - Adding type registration java.lang.Boolean -> org.hibernate.type.BooleanType@3830b06c
11-10-2021 22:16:52.854 [main] org.hibernate.type.BasicTypeRegistry - Adding type registration numeric_boolean -> org.hibernate.type.NumericBooleanType@3a0aaaf0
11-10-2021 22:16:52.855 [main] org.hibernate.type.BasicTypeRegistry - Adding type registration true_false -> org.hibernate.type.TrueFalseType@13cc0b90
11-10-2021 22:16:52.855 [main] org.hibernate.type.BasicTypeRegistry - Adding type registration yes_no -> org.hibernate.type.YesNoType@49580ca8
11-10-2021 22:16:52.857 [main] org.hibernate.type.BasicTypeRegistry - Adding type registration byte -> org.hibernate.type.ByteType@35145874
11-10-2021 22:16:52.857 [main] org.hibernate.type.BasicTypeRegistry - Adding type registration byte -> org.hibernate.type.ByteType@35145874
11-10-2021 22:16:52.857 [main] org.hibernate.type.BasicTypeRegistry - Adding type registration java.lang.Byte -> org.hibernate.type.ByteType@35145874
11-10-2021 22:16:52.858 [main] org.hibernate.type.BasicTypeRegistry - Adding type registration character -> org.hibernate.type.CharacterType@39e53bef
11-10-2021 22:16:52.859 [main] org.hibernate.type.BasicTypeRegistry - Adding type registration char -> org.hibernate.type.CharacterType@39e53bef
11-10-2021 22:16:52.859 [main] org.hibernate.type.BasicTypeRegistry - Adding type registration java.lang.Character -> org.hibernate.type.CharacterType@39e53bef
11-10-2021 22:16:52.861 [main] org.hibernate.type.BasicTypeRegistry - Adding type registration short -> org.hibernate.type.ShortType@4b957db0
11-10-2021 22:16:52.861 [main] org.hibernate.type.BasicTypeRegistry - Adding type registration short -> org.hibernate.type.ShortType@4b957db0
11-10-2021 22:16:52.862 [main] org.hibernate.type.BasicTypeRegistry - Adding type registration java.lang.Short -> org.hibernate.type.ShortType@4b957db0
11-10-2021 22:16:52.863 [main] org.hibernate.type.BasicTypeRegistry - Adding type registration integer -> org.hibernate.type.IntegerType@437c4b25
11-10-2021 22:16:52.864 [main] org.hibernate.type.BasicTypeRegistry - Adding type registration int -> org.hibernate.type.IntegerType@437c4b25
11-10-2021 22:16:52.864 [main] org.hibernate.type.BasicTypeRegistry - Adding type registration java.lang.Integer -> org.hibernate.type.IntegerType@437c4b25
11-10-2021 22:16:52.865 [main] org.hibernate.type.BasicTypeRegistry - Adding type registration long -> org.hibernate.type.LongType@679d0be8
11-10-2021 22:16:52.866 [main] org.hibernate.type.BasicTypeRegistry - Adding type registration long -> org.hibernate.type.LongType@679d0be8
11-10-2021 22:16:52.866 [main] org.hibernate.type.BasicTypeRegistry - Adding type registration java.lang.Long -> org.hibernate.type.LongType@679d0be8
11-10-2021 22:16:52.867 [main] org.hibernate.type.BasicTypeRegistry - Adding type registration float -> org.hibernate.type.FloatType@361cd35c
11-10-2021 22:16:52.868 [main] org.hibernate.type.BasicTypeRegistry - Adding type registration float -> org.hibernate.type.FloatType@361cd35c
11-10-2021 22:16:52.868 [main] org.hibernate.type.BasicTypeRegistry - Adding type registration java.lang.Float -> org.hibernate.type.FloatType@361cd35c
11-10-2021 22:16:52.869 [main] org.hibernate.type.BasicTypeRegistry - Adding type registration double -> org.hibernate.type.DoubleType@69ed5ea2
11-10-2021 22:16:52.870 [main] org.hibernate.type.BasicTypeRegistry - Adding type registration double -> org.hibernate.type.DoubleType@69ed5ea2
11-10-2021 22:16:52.870 [main] org.hibernate.type.BasicTypeRegistry - Adding type registration java.lang.Double -> org.hibernate.type.DoubleType@69ed5ea2
11-10-2021 22:16:52.871 [main] org.hibernate.type.BasicTypeRegistry - Adding type registration big_decimal -> org.hibernate.type.BigDecimalType@40d848f9
11-10-2021 22:16:52.872 [main] org.hibernate.type.BasicTypeRegistry - Adding type registration java.math.BigDecimal -> org.hibernate.type.BigDecimalType@40d848f9
11-10-2021 22:16:52.873 [main] org.hibernate.type.BasicTypeRegistry - Adding type registration big_integer -> org.hibernate.type.BigIntegerType@3a296107
11-10-2021 22:16:52.873 [main] org.hibernate.type.BasicTypeRegistry - Adding type registration java.math.BigInteger -> org.hibernate.type.BigIntegerType@3a296107
11-10-2021 22:16:52.874 [main] org.hibernate.type.BasicTypeRegistry - Adding type registration string -> org.hibernate.type.StringType@501957bf
11-10-2021 22:16:52.874 [main] org.hibernate.type.BasicTypeRegistry - Adding type registration java.lang.String -> org.hibernate.type.StringType@501957bf
11-10-2021 22:16:52.875 [main] org.hibernate.type.BasicTypeRegistry - Adding type registration nstring -> org.hibernate.type.StringNVarcharType@6c742b84
11-10-2021 22:16:52.876 [main] org.hibernate.type.BasicTypeRegistry - Adding type registration ncharacter -> org.hibernate.type.CharacterNCharType@395f52ed
11-10-2021 22:16:52.877 [main] org.hibernate.type.BasicTypeRegistry - Adding type registration url -> org.hibernate.type.UrlType@b379bc6
11-10-2021 22:16:52.877 [main] org.hibernate.type.BasicTypeRegistry - Adding type registration java.net.URL -> org.hibernate.type.UrlType@b379bc6
11-10-2021 22:16:52.878 [main] org.hibernate.type.BasicTypeRegistry - Adding type registration Duration -> org.hibernate.type.DurationType@4a50c746
11-10-2021 22:16:52.878 [main] org.hibernate.type.BasicTypeRegistry - Adding type registration java.time.Duration -> org.hibernate.type.DurationType@4a50c746
11-10-2021 22:16:52.879 [main] org.hibernate.type.BasicTypeRegistry - Adding type registration Instant -> org.hibernate.type.InstantType@38e83838
11-10-2021 22:16:52.879 [main] org.hibernate.type.BasicTypeRegistry - Adding type registration java.time.Instant -> org.hibernate.type.InstantType@38e83838
11-10-2021 22:16:52.880 [main] org.hibernate.type.BasicTypeRegistry - Adding type registration LocalDateTime -> org.hibernate.type.LocalDateTimeType@590d6c76
11-10-2021 22:16:52.880 [main] org.hibernate.type.BasicTypeRegistry - Adding type registration java.time.LocalDateTime -> org.hibernate.type.LocalDateTimeType@590d6c76
11-10-2021 22:16:52.881 [main] org.hibernate.type.BasicTypeRegistry - Adding type registration LocalDate -> org.hibernate.type.LocalDateType@1b52699c
11-10-2021 22:16:52.882 [main] org.hibernate.type.BasicTypeRegistry - Adding type registration java.time.LocalDate -> org.hibernate.type.LocalDateType@1b52699c
11-10-2021 22:16:52.883 [main] org.hibernate.type.BasicTypeRegistry - Adding type registration LocalTime -> org.hibernate.type.LocalTimeType@34045582
11-10-2021 22:16:52.883 [main] org.hibernate.type.BasicTypeRegistry - Adding type registration java.time.LocalTime -> org.hibernate.type.LocalTimeType@34045582
11-10-2021 22:16:52.884 [main] org.hibernate.type.BasicTypeRegistry - Adding type registration OffsetDateTime -> org.hibernate.type.OffsetDateTimeType@40df6090
11-10-2021 22:16:52.884 [main] org.hibernate.type.BasicTypeRegistry - Adding type registration java.time.OffsetDateTime -> org.hibernate.type.OffsetDateTimeType@40df6090
11-10-2021 22:16:52.885 [main] org.hibernate.type.BasicTypeRegistry - Adding type registration OffsetTime -> org.hibernate.type.OffsetTimeType@1c98b4eb
11-10-2021 22:16:52.886 [main] org.hibernate.type.BasicTypeRegistry - Adding type registration java.time.OffsetTime -> org.hibernate.type.OffsetTimeType@1c98b4eb
11-10-2021 22:16:52.887 [main] org.hibernate.type.BasicTypeRegistry - Adding type registration ZonedDateTime -> org.hibernate.type.ZonedDateTimeType@3b11620a
11-10-2021 22:16:52.887 [main] org.hibernate.type.BasicTypeRegistry - Adding type registration java.time.ZonedDateTime -> org.hibernate.type.ZonedDateTimeType@3b11620a
11-10-2021 22:16:52.889 [main] org.hibernate.type.BasicTypeRegistry - Adding type registration date -> org.hibernate.type.DateType@31aab981
11-10-2021 22:16:52.889 [main] org.hibernate.type.BasicTypeRegistry - Adding type registration java.sql.Date -> org.hibernate.type.DateType@31aab981
11-10-2021 22:16:52.890 [main] org.hibernate.type.BasicTypeRegistry - Adding type registration time -> org.hibernate.type.TimeType@16bd7ae1
11-10-2021 22:16:52.890 [main] org.hibernate.type.BasicTypeRegistry - Adding type registration java.sql.Time -> org.hibernate.type.TimeType@16bd7ae1
11-10-2021 22:16:52.891 [main] org.hibernate.type.BasicTypeRegistry - Adding type registration timestamp -> org.hibernate.type.TimestampType@21f7e537
11-10-2021 22:16:52.892 [main] org.hibernate.type.BasicTypeRegistry - Adding type registration java.sql.Timestamp -> org.hibernate.type.TimestampType@21f7e537
11-10-2021 22:16:52.892 [main] org.hibernate.type.BasicTypeRegistry - Adding type registration java.util.Date -> org.hibernate.type.TimestampType@21f7e537
11-10-2021 22:16:52.893 [main] org.hibernate.type.BasicTypeRegistry - Adding type registration dbtimestamp -> org.hibernate.type.DbTimestampType@46b2dcc5
11-10-2021 22:16:52.894 [main] org.hibernate.type.BasicTypeRegistry - Adding type registration calendar -> org.hibernate.type.CalendarType@284bdeed
11-10-2021 22:16:52.895 [main] org.hibernate.type.BasicTypeRegistry - Adding type registration java.util.Calendar -> org.hibernate.type.CalendarType@284bdeed
11-10-2021 22:16:52.895 [main] org.hibernate.type.BasicTypeRegistry - Adding type registration java.util.GregorianCalendar -> org.hibernate.type.CalendarType@284bdeed
11-10-2021 22:16:52.896 [main] org.hibernate.type.BasicTypeRegistry - Adding type registration calendar_date -> org.hibernate.type.CalendarDateType@4aed311e
11-10-2021 22:16:52.896 [main] org.hibernate.type.BasicTypeRegistry - Adding type registration calendar_time -> org.hibernate.type.CalendarTimeType@6e9a0bea
11-10-2021 22:16:52.897 [main] org.hibernate.type.BasicTypeRegistry - Adding type registration locale -> org.hibernate.type.LocaleType@41e9f86
11-10-2021 22:16:52.898 [main] org.hibernate.type.BasicTypeRegistry - Adding type registration java.util.Locale -> org.hibernate.type.LocaleType@41e9f86
11-10-2021 22:16:52.899 [main] org.hibernate.type.BasicTypeRegistry - Adding type registration currency -> org.hibernate.type.CurrencyType@6897a4a
11-10-2021 22:16:52.900 [main] org.hibernate.type.BasicTypeRegistry - Adding type registration java.util.Currency -> org.hibernate.type.CurrencyType@6897a4a
11-10-2021 22:16:52.901 [main] org.hibernate.type.BasicTypeRegistry - Adding type registration timezone -> org.hibernate.type.TimeZoneType@4168f3d9
11-10-2021 22:16:52.902 [main] org.hibernate.type.BasicTypeRegistry - Adding type registration java.util.TimeZone -> org.hibernate.type.TimeZoneType@4168f3d9
11-10-2021 22:16:52.903 [main] org.hibernate.type.BasicTypeRegistry - Adding type registration class -> org.hibernate.type.ClassType@3c7b137a
11-10-2021 22:16:52.903 [main] org.hibernate.type.BasicTypeRegistry - Adding type registration java.lang.Class -> org.hibernate.type.ClassType@3c7b137a
11-10-2021 22:16:52.905 [main] org.hibernate.type.BasicTypeRegistry - Adding type registration uuid-binary -> org.hibernate.type.UUIDBinaryType@e62319f
11-10-2021 22:16:52.905 [main] org.hibernate.type.BasicTypeRegistry - Adding type registration java.util.UUID -> org.hibernate.type.UUIDBinaryType@e62319f
11-10-2021 22:16:52.906 [main] org.hibernate.type.BasicTypeRegistry - Adding type registration uuid-char -> org.hibernate.type.UUIDCharType@7f3c0399
11-10-2021 22:16:52.908 [main] org.hibernate.type.BasicTypeRegistry - Adding type registration binary -> org.hibernate.type.BinaryType@3e4d40ea
11-10-2021 22:16:52.908 [main] org.hibernate.type.BasicTypeRegistry - Adding type registration byte[] -> org.hibernate.type.BinaryType@3e4d40ea
11-10-2021 22:16:52.909 [main] org.hibernate.type.BasicTypeRegistry - Adding type registration [B -> org.hibernate.type.BinaryType@3e4d40ea
11-10-2021 22:16:52.910 [main] org.hibernate.type.BasicTypeRegistry - Adding type registration wrapper-binary -> org.hibernate.type.WrapperBinaryType@666618d6
11-10-2021 22:16:52.911 [main] org.hibernate.type.BasicTypeRegistry - Adding type registration Byte[] -> org.hibernate.type.WrapperBinaryType@666618d6
11-10-2021 22:16:52.912 [main] org.hibernate.type.BasicTypeRegistry - Adding type registration [Ljava.lang.Byte; -> org.hibernate.type.WrapperBinaryType@666618d6
11-10-2021 22:16:52.913 [main] org.hibernate.type.BasicTypeRegistry - Adding type registration row_version -> org.hibernate.type.RowVersionType@5a4d4f9c
11-10-2021 22:16:52.914 [main] org.hibernate.type.BasicTypeRegistry - Adding type registration image -> org.hibernate.type.ImageType@191a0351
11-10-2021 22:16:52.915 [main] org.hibernate.type.BasicTypeRegistry - Adding type registration characters -> org.hibernate.type.CharArrayType@9e02f84
11-10-2021 22:16:52.916 [main] org.hibernate.type.BasicTypeRegistry - Adding type registration char[] -> org.hibernate.type.CharArrayType@9e02f84
11-10-2021 22:16:52.916 [main] org.hibernate.type.BasicTypeRegistry - Adding type registration [C -> org.hibernate.type.CharArrayType@9e02f84
11-10-2021 22:16:52.917 [main] org.hibernate.type.BasicTypeRegistry - Adding type registration wrapper-characters -> org.hibernate.type.CharacterArrayType@570a62a5
11-10-2021 22:16:52.918 [main] org.hibernate.type.BasicTypeRegistry - Adding type registration [Ljava.lang.Character; -> org.hibernate.type.CharacterArrayType@570a62a5
11-10-2021 22:16:52.919 [main] org.hibernate.type.BasicTypeRegistry - Adding type registration Character[] -> org.hibernate.type.CharacterArrayType@570a62a5
11-10-2021 22:16:52.919 [main] org.hibernate.type.BasicTypeRegistry - Adding type registration text -> org.hibernate.type.TextType@563ccd31
11-10-2021 22:16:52.920 [main] org.hibernate.type.BasicTypeRegistry - Adding type registration ntext -> org.hibernate.type.NTextType@19b75b2b
11-10-2021 22:16:52.921 [main] org.hibernate.type.BasicTypeRegistry - Adding type registration blob -> org.hibernate.type.BlobType@492be039
11-10-2021 22:16:52.921 [main] org.hibernate.type.BasicTypeRegistry - Adding type registration java.sql.Blob -> org.hibernate.type.BlobType@492be039
11-10-2021 22:16:52.922 [main] org.hibernate.type.BasicTypeRegistry - Adding type registration materialized_blob -> org.hibernate.type.MaterializedBlobType@76216830
11-10-2021 22:16:52.923 [main] org.hibernate.type.BasicTypeRegistry - Adding type registration clob -> org.hibernate.type.ClobType@6d69a0d3
11-10-2021 22:16:52.924 [main] org.hibernate.type.BasicTypeRegistry - Adding type registration java.sql.Clob -> org.hibernate.type.ClobType@6d69a0d3
11-10-2021 22:16:52.925 [main] org.hibernate.type.BasicTypeRegistry - Adding type registration nclob -> org.hibernate.type.NClobType@1e226bcd
11-10-2021 22:16:52.926 [main] org.hibernate.type.BasicTypeRegistry - Adding type registration java.sql.NClob -> org.hibernate.type.NClobType@1e226bcd
11-10-2021 22:16:52.926 [main] org.hibernate.type.BasicTypeRegistry - Adding type registration materialized_clob -> org.hibernate.type.MaterializedClobType@38732364
11-10-2021 22:16:52.927 [main] org.hibernate.type.BasicTypeRegistry - Adding type registration materialized_nclob -> org.hibernate.type.MaterializedNClobType@4ef18604
11-10-2021 22:16:52.928 [main] org.hibernate.type.BasicTypeRegistry - Adding type registration serializable -> org.hibernate.type.SerializableType@443a06ad
11-10-2021 22:16:52.930 [main] org.hibernate.type.BasicTypeRegistry - Adding type registration object -> org.hibernate.type.ObjectType@77a0dd63
11-10-2021 22:16:52.931 [main] org.hibernate.type.BasicTypeRegistry - Adding type registration java.lang.Object -> org.hibernate.type.ObjectType@77a0dd63
11-10-2021 22:16:52.932 [main] org.hibernate.type.BasicTypeRegistry - Adding type registration imm_date -> org.hibernate.type.AdaptedImmutableType@5d194314
11-10-2021 22:16:52.932 [main] org.hibernate.type.BasicTypeRegistry - Adding type registration imm_time -> org.hibernate.type.AdaptedImmutableType@76396509
11-10-2021 22:16:52.932 [main] org.hibernate.type.BasicTypeRegistry - Adding type registration imm_timestamp -> org.hibernate.type.AdaptedImmutableType@637c840d
11-10-2021 22:16:52.933 [main] org.hibernate.type.BasicTypeRegistry - Adding type registration imm_dbtimestamp -> org.hibernate.type.AdaptedImmutableType@51ac12ac
11-10-2021 22:16:52.933 [main] org.hibernate.type.BasicTypeRegistry - Adding type registration imm_calendar -> org.hibernate.type.AdaptedImmutableType@463afa6e
11-10-2021 22:16:52.933 [main] org.hibernate.type.BasicTypeRegistry - Adding type registration imm_calendar_date -> org.hibernate.type.AdaptedImmutableType@7b96de8d
11-10-2021 22:16:52.934 [main] org.hibernate.type.BasicTypeRegistry - Adding type registration imm_binary -> org.hibernate.type.AdaptedImmutableType@7ccd611e
11-10-2021 22:16:52.934 [main] org.hibernate.type.BasicTypeRegistry - Adding type registration imm_serializable -> org.hibernate.type.AdaptedImmutableType@4dc52559
11-10-2021 22:16:52.939 [main] org.hibernate.boot.internal.BootstrapContextImpl - Injecting JPA temp ClassLoader [org.springframework.instrument.classloading.SimpleThrowawayClassLoader@6de7778f] into BootstrapContext; was [null]
11-10-2021 22:16:52.939 [main] org.hibernate.boot.internal.ClassLoaderAccessImpl - ClassLoaderAccessImpl#injectTempClassLoader(org.springframework.instrument.classloading.SimpleThrowawayClassLoader@6de7778f) [was null]
11-10-2021 22:16:52.940 [main] org.hibernate.boot.internal.BootstrapContextImpl - Injecting ScanEnvironment [org.hibernate.jpa.boot.internal.StandardJpaScanEnvironmentImpl@50ec4bfc] into BootstrapContext; was [null]
11-10-2021 22:16:52.940 [main] org.hibernate.boot.internal.BootstrapContextImpl - Injecting ScanOptions [org.hibernate.boot.archive.scan.internal.StandardScanOptions@8b13d91] into BootstrapContext; was [org.hibernate.boot.archive.scan.internal.StandardScanOptions@285a4fe3]
11-10-2021 22:16:52.949 [main] org.hibernate.boot.internal.BootstrapContextImpl - Injecting JPA temp ClassLoader [null] into BootstrapContext; was [org.springframework.instrument.classloading.SimpleThrowawayClassLoader@6de7778f]
11-10-2021 22:16:52.949 [main] org.hibernate.boot.internal.ClassLoaderAccessImpl - ClassLoaderAccessImpl#injectTempClassLoader(null) [was org.springframework.instrument.classloading.SimpleThrowawayClassLoader@6de7778f]
11-10-2021 22:16:52.954 [main] org.hibernate.id.factory.internal.DefaultIdentifierGeneratorFactory - Registering IdentifierGenerator strategy [uuid2] -> [org.hibernate.id.UUIDGenerator]
11-10-2021 22:16:52.954 [main] org.hibernate.id.factory.internal.DefaultIdentifierGeneratorFactory - Registering IdentifierGenerator strategy [guid] -> [org.hibernate.id.GUIDGenerator]
11-10-2021 22:16:52.955 [main] org.hibernate.id.factory.internal.DefaultIdentifierGeneratorFactory - Registering IdentifierGenerator strategy [uuid] -> [org.hibernate.id.UUIDHexGenerator]
11-10-2021 22:16:52.955 [main] org.hibernate.id.factory.internal.DefaultIdentifierGeneratorFactory - Registering IdentifierGenerator strategy [uuid.hex] -> [org.hibernate.id.UUIDHexGenerator]
11-10-2021 22:16:52.956 [main] org.hibernate.id.factory.internal.DefaultIdentifierGeneratorFactory - Registering IdentifierGenerator strategy [assigned] -> [org.hibernate.id.Assigned]
11-10-2021 22:16:52.956 [main] org.hibernate.id.factory.internal.DefaultIdentifierGeneratorFactory - Registering IdentifierGenerator strategy [identity] -> [org.hibernate.id.IdentityGenerator]
11-10-2021 22:16:52.957 [main] org.hibernate.id.factory.internal.DefaultIdentifierGeneratorFactory - Registering IdentifierGenerator strategy [select] -> [org.hibernate.id.SelectGenerator]
11-10-2021 22:16:52.958 [main] org.hibernate.id.factory.internal.DefaultIdentifierGeneratorFactory - Registering IdentifierGenerator strategy [sequence] -> [org.hibernate.id.enhanced.SequenceStyleGenerator]
11-10-2021 22:16:52.959 [main] org.hibernate.id.factory.internal.DefaultIdentifierGeneratorFactory - Registering IdentifierGenerator strategy [seqhilo] -> [org.hibernate.id.SequenceHiLoGenerator]
11-10-2021 22:16:52.959 [main] org.hibernate.id.factory.internal.DefaultIdentifierGeneratorFactory - Registering IdentifierGenerator strategy [increment] -> [org.hibernate.id.IncrementGenerator]
11-10-2021 22:16:52.960 [main] org.hibernate.id.factory.internal.DefaultIdentifierGeneratorFactory - Registering IdentifierGenerator strategy [foreign] -> [org.hibernate.id.ForeignGenerator]
11-10-2021 22:16:52.961 [main] org.hibernate.id.factory.internal.DefaultIdentifierGeneratorFactory - Registering IdentifierGenerator strategy [sequence-identity] -> [org.hibernate.id.SequenceIdentityGenerator]
11-10-2021 22:16:52.961 [main] org.hibernate.id.factory.internal.DefaultIdentifierGeneratorFactory - Registering IdentifierGenerator strategy [enhanced-sequence] -> [org.hibernate.id.enhanced.SequenceStyleGenerator]
11-10-2021 22:16:52.962 [main] org.hibernate.id.factory.internal.DefaultIdentifierGeneratorFactory - Registering IdentifierGenerator strategy [enhanced-table] -> [org.hibernate.id.enhanced.TableGenerator]
11-10-2021 22:16:52.968 [main] org.hibernate.engine.jdbc.env.internal.JdbcEnvironmentInitiator - Database ->
       name : PostgreSQL
    version : 13.3
      major : 13
      minor : 3
11-10-2021 22:16:52.968 [main] org.hibernate.engine.jdbc.env.internal.JdbcEnvironmentInitiator - Driver ->
       name : PostgreSQL JDBC Driver
    version : 42.2.23
      major : 42
      minor : 2
11-10-2021 22:16:52.969 [main] org.hibernate.engine.jdbc.env.internal.JdbcEnvironmentInitiator - JDBC version : 4.2
11-10-2021 22:16:52.974 [main] org.hibernate.dialect.Dialect - HHH000400: Using dialect: org.hibernate.dialect.PostgreSQLDialect
11-10-2021 22:16:52.983 [main] org.hibernate.engine.jdbc.env.spi.IdentifierHelperBuilder - JDBC driver metadata reported database stores quoted identifiers in neither upper, lower nor mixed case
11-10-2021 22:16:53.039 [main] org.hibernate.boot.model.relational.Namespace - Created database namespace [logicalName=Name{catalog=null, schema=null}, physicalName=Name{catalog=null, schema=null}]
11-10-2021 22:16:53.041 [main] org.hibernate.type.BasicTypeRegistry - Adding type registration pg-uuid -> org.hibernate.type.PostgresUUIDType@5e2a6991
11-10-2021 22:16:53.041 [main] org.hibernate.type.BasicTypeRegistry - Adding type registration java.util.UUID -> org.hibernate.type.PostgresUUIDType@5e2a6991
11-10-2021 22:16:53.042 [main] org.hibernate.type.BasicTypeRegistry - HHH000270: Type registration [java.util.UUID] overrides previous : org.hibernate.type.UUIDBinaryType@e62319f
11-10-2021 22:16:53.043 [main] org.hibernate.type.spi.TypeConfiguration$Scope - Scoping TypeConfiguration [org.hibernate.type.spi.TypeConfiguration@2b7facc7] to MetadataBuildingContext [org.hibernate.boot.internal.MetadataBuildingContextRootImpl@1c74d19]
11-10-2021 22:16:53.055 [main] org.hibernate.cfg.AnnotationBinder - Binding entity from annotated class: com.example.loanapi.model.Loan
11-10-2021 22:16:53.067 [main] org.hibernate.cfg.Ejb3Column - Binding column: Ejb3DiscriminatorColumn{logicalColumnName'DTYPE', discriminatorTypeName='string'}
11-10-2021 22:16:53.071 [main] org.hibernate.cfg.annotations.EntityBinder - Import with entity name Loan
11-10-2021 22:16:53.073 [main] org.hibernate.cfg.annotations.EntityBinder - Bind entity com.example.loanapi.model.Loan on table LOAN
11-10-2021 22:16:53.085 [main] org.hibernate.cfg.Ejb3Column - Binding column: Ejb3Column{table=org.hibernate.mapping.Table(LOAN), mappingColumn=ID, insertable=true, updatable=true, unique=false}
11-10-2021 22:16:53.087 [main] org.hibernate.boot.internal.ClassLoaderAccessImpl - Not known whether passed class name [com.example.loanapi.model.Loan] is safe
11-10-2021 22:16:53.088 [main] org.hibernate.boot.internal.ClassLoaderAccessImpl - No temp ClassLoader provided; using live ClassLoader for loading potentially unsafe class : com.example.loanapi.model.Loan
11-10-2021 22:16:53.088 [main] org.hibernate.cfg.annotations.PropertyBinder - MetadataSourceProcessor property id with lazy=false
11-10-2021 22:16:53.089 [main] org.hibernate.cfg.AbstractPropertyHolder - Attempting to locate auto-apply AttributeConverter for property [com.example.loanapi.model.Loan:id]
11-10-2021 22:16:53.091 [main] org.hibernate.cfg.annotations.SimpleValueBinder - building SimpleValue for id
11-10-2021 22:16:53.093 [main] org.hibernate.cfg.annotations.PropertyBinder - Building property id
11-10-2021 22:16:53.096 [main] org.hibernate.cfg.BinderHelper - #makeIdGenerator(org.hibernate.mapping.SimpleValue([org.hibernate.mapping.Column(ID)]), id, identity, , ...)
11-10-2021 22:16:53.096 [main] org.hibernate.cfg.Ejb3Column - Binding column: Ejb3Column{table=org.hibernate.mapping.Table(LOAN), mappingColumn=TOTAL, insertable=true, updatable=true, unique=false}
11-10-2021 22:16:53.097 [main] org.hibernate.cfg.annotations.PropertyBinder - MetadataSourceProcessor property total with lazy=false
11-10-2021 22:16:53.097 [main] org.hibernate.cfg.AbstractPropertyHolder - Attempting to locate auto-apply AttributeConverter for property [com.example.loanapi.model.Loan:total]
11-10-2021 22:16:53.098 [main] org.hibernate.cfg.annotations.SimpleValueBinder - building SimpleValue for total
11-10-2021 22:16:53.099 [main] org.hibernate.cfg.annotations.PropertyBinder - Building property total
11-10-2021 22:16:53.100 [main] org.hibernate.cfg.Ejb3Column - Binding column: Ejb3JoinColumn{logicalColumnName='USER_ID', referencedColumn='', mappedBy=''}
11-10-2021 22:16:53.101 [main] org.hibernate.cfg.Ejb3Column - Binding column: Ejb3Column{table=org.hibernate.mapping.Table(LOAN), mappingColumn=user, insertable=true, updatable=true, unique=false}
11-10-2021 22:16:53.104 [main] org.hibernate.cfg.annotations.PropertyBinder - Building property user
11-10-2021 22:16:53.105 [main] org.hibernate.cfg.AnnotationBinder - Binding entity from annotated class: com.example.loanapi.model.User
11-10-2021 22:16:53.105 [main] org.hibernate.cfg.Ejb3Column - Binding column: Ejb3DiscriminatorColumn{logicalColumnName'DTYPE', discriminatorTypeName='string'}
11-10-2021 22:16:53.105 [main] org.hibernate.cfg.annotations.EntityBinder - Import with entity name User
11-10-2021 22:16:53.106 [main] org.hibernate.cfg.annotations.EntityBinder - Bind entity com.example.loanapi.model.User on table USER
11-10-2021 22:16:53.108 [main] org.hibernate.cfg.Ejb3Column - Binding column: Ejb3Column{table=org.hibernate.mapping.Table(USER), mappingColumn=ID, insertable=true, updatable=true, unique=false}
11-10-2021 22:16:53.108 [main] org.hibernate.boot.internal.ClassLoaderAccessImpl - Not known whether passed class name [com.example.loanapi.model.User] is safe
11-10-2021 22:16:53.109 [main] org.hibernate.boot.internal.ClassLoaderAccessImpl - No temp ClassLoader provided; using live ClassLoader for loading potentially unsafe class : com.example.loanapi.model.User
11-10-2021 22:16:53.109 [main] org.hibernate.cfg.annotations.PropertyBinder - MetadataSourceProcessor property id with lazy=false
11-10-2021 22:16:53.109 [main] org.hibernate.cfg.AbstractPropertyHolder - Attempting to locate auto-apply AttributeConverter for property [com.example.loanapi.model.User:id]
11-10-2021 22:16:53.110 [main] org.hibernate.cfg.annotations.SimpleValueBinder - building SimpleValue for id
11-10-2021 22:16:53.110 [main] org.hibernate.cfg.annotations.PropertyBinder - Building property id
11-10-2021 22:16:53.110 [main] org.hibernate.cfg.BinderHelper - #makeIdGenerator(org.hibernate.mapping.SimpleValue([org.hibernate.mapping.Column(ID)]), id, identity, , ...)
11-10-2021 22:16:53.111 [main] org.hibernate.cfg.Ejb3Column - Binding column: Ejb3Column{table=org.hibernate.mapping.Table(USER), mappingColumn=EMAIL, insertable=true, updatable=true, unique=false}
11-10-2021 22:16:53.111 [main] org.hibernate.cfg.annotations.PropertyBinder - MetadataSourceProcessor property email with lazy=false
11-10-2021 22:16:53.112 [main] org.hibernate.cfg.AbstractPropertyHolder - Attempting to locate auto-apply AttributeConverter for property [com.example.loanapi.model.User:email]
11-10-2021 22:16:53.112 [main] org.hibernate.cfg.annotations.SimpleValueBinder - building SimpleValue for email
11-10-2021 22:16:53.113 [main] org.hibernate.cfg.annotations.PropertyBinder - Building property email
11-10-2021 22:16:53.113 [main] org.hibernate.cfg.Ejb3Column - Binding column: Ejb3Column{table=org.hibernate.mapping.Table(USER), mappingColumn=FIRST_NAME, insertable=true, updatable=true, unique=false}
11-10-2021 22:16:53.113 [main] org.hibernate.cfg.annotations.PropertyBinder - MetadataSourceProcessor property firstName with lazy=false
11-10-2021 22:16:53.113 [main] org.hibernate.cfg.AbstractPropertyHolder - Attempting to locate auto-apply AttributeConverter for property [com.example.loanapi.model.User:firstName]
11-10-2021 22:16:53.114 [main] org.hibernate.cfg.annotations.SimpleValueBinder - building SimpleValue for firstName
11-10-2021 22:16:53.114 [main] org.hibernate.cfg.annotations.PropertyBinder - Building property firstName
11-10-2021 22:16:53.114 [main] org.hibernate.cfg.Ejb3Column - Binding column: Ejb3Column{table=org.hibernate.mapping.Table(USER), mappingColumn=LAST_NAME, insertable=true, updatable=true, unique=false}
11-10-2021 22:16:53.115 [main] org.hibernate.cfg.annotations.PropertyBinder - MetadataSourceProcessor property lastName with lazy=false
11-10-2021 22:16:53.115 [main] org.hibernate.cfg.AbstractPropertyHolder - Attempting to locate auto-apply AttributeConverter for property [com.example.loanapi.model.User:lastName]
11-10-2021 22:16:53.115 [main] org.hibernate.cfg.annotations.SimpleValueBinder - building SimpleValue for lastName
11-10-2021 22:16:53.115 [main] org.hibernate.cfg.annotations.PropertyBinder - Building property lastName
11-10-2021 22:16:53.116 [main] org.hibernate.cfg.Ejb3Column - Binding column: Ejb3JoinColumn{logicalColumnName='null', referencedColumn='null', mappedBy='user'}
11-10-2021 22:16:53.116 [main] org.hibernate.cfg.Ejb3Column - Binding column: Ejb3Column{table=org.hibernate.mapping.Table(USER), mappingColumn=loans, insertable=true, updatable=true, unique=false}
11-10-2021 22:16:53.117 [main] org.hibernate.cfg.Ejb3Column - Binding column: Ejb3Column{table=org.hibernate.mapping.Table(USER), mappingColumn=null, insertable=true, updatable=true, unique=false}
11-10-2021 22:16:53.121 [main] org.hibernate.cfg.Ejb3Column - Binding column: Ejb3Column{table=org.hibernate.mapping.Table(USER), mappingColumn=element, insertable=true, updatable=true, unique=false}
11-10-2021 22:16:53.122 [main] org.hibernate.cfg.Ejb3Column - Binding column: Ejb3Column{table=org.hibernate.mapping.Table(USER), mappingColumn=loans_KEY, insertable=true, updatable=true, unique=false}
11-10-2021 22:16:53.123 [main] org.hibernate.cfg.Ejb3Column - Binding column: Ejb3JoinColumn{logicalColumnName='loans_KEY', referencedColumn='null', mappedBy='null'}
11-10-2021 22:16:53.123 [main] org.hibernate.cfg.Ejb3Column - Binding column: Ejb3JoinColumn{logicalColumnName='null', referencedColumn='null', mappedBy='user'}
11-10-2021 22:16:53.124 [main] org.hibernate.cfg.Ejb3Column - Binding column: Ejb3JoinColumn{logicalColumnName='null', referencedColumn='null', mappedBy='user'}
11-10-2021 22:16:53.124 [main] org.hibernate.cfg.annotations.CollectionBinder - Collection role: com.example.loanapi.model.User.loans
11-10-2021 22:16:53.126 [main] org.hibernate.cfg.annotations.PropertyBinder - Building property loans
11-10-2021 22:16:53.127 [main] org.hibernate.cfg.annotations.SimpleValueBinder - Starting fillSimpleValue for id
11-10-2021 22:16:53.127 [main] org.hibernate.cfg.annotations.SimpleValueBinder - Starting fillSimpleValue for total
11-10-2021 22:16:53.127 [main] org.hibernate.cfg.annotations.SimpleValueBinder - Starting fillSimpleValue for id
11-10-2021 22:16:53.128 [main] org.hibernate.cfg.annotations.SimpleValueBinder - Starting fillSimpleValue for email
11-10-2021 22:16:53.128 [main] org.hibernate.cfg.annotations.SimpleValueBinder - Starting fillSimpleValue for firstName
11-10-2021 22:16:53.128 [main] org.hibernate.cfg.annotations.SimpleValueBinder - Starting fillSimpleValue for lastName
11-10-2021 22:16:53.131 [main] org.hibernate.mapping.PrimaryKey - Forcing column [ID] to be non-null as it is part of the primary key for table [LOAN]
11-10-2021 22:16:53.131 [main] org.hibernate.mapping.PrimaryKey - Forcing column [ID] to be non-null as it is part of the primary key for table [USER]
11-10-2021 22:16:53.132 [main] org.hibernate.cfg.CollectionSecondPass - Second pass for collection: com.example.loanapi.model.User.loans
11-10-2021 22:16:53.132 [main] org.hibernate.cfg.annotations.CollectionBinder - Binding a OneToMany: com.example.loanapi.model.User.loans through a foreign key
11-10-2021 22:16:53.133 [main] org.hibernate.cfg.annotations.CollectionBinder - Mapping collection: com.example.loanapi.model.User.loans -> LOAN
11-10-2021 22:16:53.134 [main] org.hibernate.cfg.annotations.TableBinder - Retrieving property com.example.loanapi.model.Loan.user
11-10-2021 22:16:53.134 [main] org.hibernate.cfg.CollectionSecondPass - Mapped collection key: USER_ID, one-to-many: com.example.loanapi.model.Loan
11-10-2021 22:16:53.135 [main] org.hibernate.boot.internal.InFlightMetadataCollectorImpl - Resolving reference to class: com.example.loanapi.model.User
11-10-2021 22:16:53.138 [main] org.hibernate.boot.internal.InFlightMetadataCollectorImpl - Resolving reference to class: com.example.loanapi.model.User
11-10-2021 22:16:53.151 [main] org.hibernate.internal.SessionFactoryImpl - Building session factory
11-10-2021 22:16:53.151 [main] org.hibernate.cfg.Settings - SessionFactory name : null
11-10-2021 22:16:53.152 [main] org.hibernate.cfg.Settings - Automatic flush during beforeCompletion(): enabled
11-10-2021 22:16:53.152 [main] org.hibernate.cfg.Settings - Automatic session close at end of transaction: disabled
11-10-2021 22:16:53.152 [main] org.hibernate.cfg.Settings - Statistics: disabled
11-10-2021 22:16:53.153 [main] org.hibernate.cfg.Settings - Deleted entity synthetic identifier rollback: disabled
11-10-2021 22:16:53.153 [main] org.hibernate.cfg.Settings - Default entity-mode: pojo
11-10-2021 22:16:53.154 [main] org.hibernate.cfg.Settings - Check Nullability in Core (should be disabled when Bean Validation is on): enabled
11-10-2021 22:16:53.154 [main] org.hibernate.cfg.Settings - Allow initialization of lazy state outside session : disabled
11-10-2021 22:16:53.154 [main] org.hibernate.cfg.Settings - Using BatchFetchStyle : LEGACY
11-10-2021 22:16:53.154 [main] org.hibernate.cfg.Settings - Default batch fetch size: -1
11-10-2021 22:16:53.155 [main] org.hibernate.cfg.Settings - Maximum outer join fetch depth: null
11-10-2021 22:16:53.155 [main] org.hibernate.cfg.Settings - Default null ordering: NONE
11-10-2021 22:16:53.155 [main] org.hibernate.cfg.Settings - Order SQL updates by primary key: disabled
11-10-2021 22:16:53.155 [main] org.hibernate.cfg.Settings - Order SQL inserts for batching: disabled
11-10-2021 22:16:53.155 [main] org.hibernate.cfg.Settings - multi-tenancy strategy : NONE
11-10-2021 22:16:53.156 [main] org.hibernate.cfg.Settings - JTA Track by Thread: enabled
11-10-2021 22:16:53.156 [main] org.hibernate.cfg.Settings - Query language substitutions: {}
11-10-2021 22:16:53.157 [main] org.hibernate.cfg.Settings - Named query checking : enabled
11-10-2021 22:16:53.157 [main] org.hibernate.cfg.Settings - Second-level cache: disabled
11-10-2021 22:16:53.157 [main] org.hibernate.cfg.Settings - Second-level query cache: disabled
11-10-2021 22:16:53.157 [main] org.hibernate.cfg.Settings - Second-level query cache factory: null
11-10-2021 22:16:53.157 [main] org.hibernate.cfg.Settings - Second-level cache region prefix: null
11-10-2021 22:16:53.158 [main] org.hibernate.cfg.Settings - Optimize second-level cache for minimal puts: disabled
11-10-2021 22:16:53.158 [main] org.hibernate.cfg.Settings - Structured second-level cache entries: disabled
11-10-2021 22:16:53.158 [main] org.hibernate.cfg.Settings - Second-level cache direct-reference entries: disabled
11-10-2021 22:16:53.159 [main] org.hibernate.cfg.Settings - Automatic eviction of collection cache: disabled
11-10-2021 22:16:53.159 [main] org.hibernate.cfg.Settings - JDBC batch size: 15
11-10-2021 22:16:53.159 [main] org.hibernate.cfg.Settings - JDBC batch updates for versioned data: enabled
11-10-2021 22:16:53.159 [main] org.hibernate.cfg.Settings - Scrollable result sets: enabled
11-10-2021 22:16:53.160 [main] org.hibernate.cfg.Settings - Wrap result sets: disabled
11-10-2021 22:16:53.160 [main] org.hibernate.cfg.Settings - JDBC3 getGeneratedKeys(): enabled
11-10-2021 22:16:53.160 [main] org.hibernate.cfg.Settings - JDBC result set fetch size: null
11-10-2021 22:16:53.160 [main] org.hibernate.cfg.Settings - Connection release mode: ON_CLOSE
11-10-2021 22:16:53.161 [main] org.hibernate.cfg.Settings - Generate SQL with comments: disabled
11-10-2021 22:16:53.161 [main] org.hibernate.cfg.Settings - JPA compliance - query : disabled
11-10-2021 22:16:53.161 [main] org.hibernate.cfg.Settings - JPA compliance - closed-handling : disabled
11-10-2021 22:16:53.162 [main] org.hibernate.cfg.Settings - JPA compliance - lists : disabled
11-10-2021 22:16:53.162 [main] org.hibernate.cfg.Settings - JPA compliance - transactions : disabled
11-10-2021 22:16:53.192 [main] org.hibernate.internal.SessionFactoryImpl - Session factory constructed with filter configurations : {}
11-10-2021 22:16:53.193 [main] org.hibernate.internal.SessionFactoryImpl - Instantiating session factory with properties: {sun.desktop=windows, awt.toolkit=sun.awt.windows.WToolkit, hibernate.id.new_generator_mappings=true, java.specification.version=11, sun.cpu.isalist=amd64, hibernate.resource.beans.container=org.springframework.orm.hibernate5.SpringBeanContainer@60fc7f43, hibernate.connection.handling_mode=DELAYED_ACQUISITION_AND_HOLD, sun.jnu.encoding=Cp1252, hibernate.dialect=org.hibernate.dialect.PostgreSQLDialect, hibernate.implicit_naming_strategy=org.springframework.boot.orm.jpa.hibernate.SpringImplicitNamingStrategy, java.class.path=C:\Users\Leonel\Documents\java-workspace\loan-api\target\classes;C:\Users\Leonel\.m2\repository\org\springframework\spring-aop\5.3.10\spring-aop-5.3.10.jar;C:\Users\Leonel\.m2\repository\org\aspectj\aspectjweaver\1.9.7\aspectjweaver-1.9.7.jar;C:\Users\Leonel\.m2\repository\com\zaxxer\HikariCP\4.0.3\HikariCP-4.0.3.jar;C:\Users\Leonel\.m2\repository\org\springframework\spring-jdbc\5.3.10\spring-jdbc-5.3.10.jar;C:\Users\Leonel\.m2\repository\jakarta\transaction\jakarta.transaction-api\1.3.3\jakarta.transaction-api-1.3.3.jar;C:\Users\Leonel\.m2\repository\jakarta\persistence\jakarta.persistence-api\2.2.3\jakarta.persistence-api-2.2.3.jar;C:\Users\Leonel\.m2\repository\org\hibernate\hibernate-core\5.4.32.Final\hibernate-core-5.4.32.Final.jar;C:\Users\Leonel\.m2\repository\org\jboss\logging\jboss-logging\3.4.2.Final\jboss-logging-3.4.2.Final.jar;C:\Users\Leonel\.m2\repository\org\javassist\javassist\3.27.0-GA\javassist-3.27.0-GA.jar;C:\Users\Leonel\.m2\repository\net\bytebuddy\byte-buddy\1.10.22\byte-buddy-1.10.22.jar;C:\Users\Leonel\.m2\repository\antlr\antlr\2.7.7\antlr-2.7.7.jar;C:\Users\Leonel\.m2\repository\org\jboss\jandex\2.2.3.Final\jandex-2.2.3.Final.jar;C:\Users\Leonel\.m2\repository\com\fasterxml\classmate\1.5.1\classmate-1.5.1.jar;C:\Users\Leonel\.m2\repository\org\dom4j\dom4j\2.1.3\dom4j-2.1.3.jar;C:\Users\Leonel\.m2\repository\org\hibernate\common\hibernate-commons-annotations\5.1.2.Final\hibernate-commons-annotations-5.1.2.Final.jar;C:\Users\Leonel\.m2\repository\org\glassfish\jaxb\jaxb-runtime\2.3.5\jaxb-runtime-2.3.5.jar;C:\Users\Leonel\.m2\repository\org\glassfish\jaxb\txw2\2.3.5\txw2-2.3.5.jar;C:\Users\Leonel\.m2\repository\com\sun\istack\istack-commons-runtime\3.0.12\istack-commons-runtime-3.0.12.jar;C:\Users\Leonel\.m2\repository\com\sun\activation\jakarta.activation\1.2.2\jakarta.activation-1.2.2.jar;C:\Users\Leonel\.m2\repository\org\springframework\data\spring-data-jpa\2.5.5\spring-data-jpa-2.5.5.jar;C:\Users\Leonel\.m2\repository\org\springframework\data\spring-data-commons\2.5.5\spring-data-commons-2.5.5.jar;C:\Users\Leonel\.m2\repository\org\springframework\spring-orm\5.3.10\spring-orm-5.3.10.jar;C:\Users\Leonel\.m2\repository\org\springframework\spring-context\5.3.10\spring-context-5.3.10.jar;C:\Users\Leonel\.m2\repository\org\springframework\spring-tx\5.3.10\spring-tx-5.3.10.jar;C:\Users\Leonel\.m2\repository\org\springframework\spring-beans\5.3.10\spring-beans-5.3.10.jar;C:\Users\Leonel\.m2\repository\org\slf4j\slf4j-api\1.7.32\slf4j-api-1.7.32.jar;C:\Users\Leonel\.m2\repository\org\springframework\spring-aspects\5.3.10\spring-aspects-5.3.10.jar;C:\Users\Leonel\.m2\repository\org\springframework\boot\spring-boot\2.5.5\spring-boot-2.5.5.jar;C:\Users\Leonel\.m2\repository\org\springframework\boot\spring-boot-autoconfigure\2.5.5\spring-boot-autoconfigure-2.5.5.jar;C:\Users\Leonel\.m2\repository\ch\qos\logback\logback-classic\1.2.6\logback-classic-1.2.6.jar;C:\Users\Leonel\.m2\repository\ch\qos\logback\logback-core\1.2.6\logback-core-1.2.6.jar;C:\Users\Leonel\.m2\repository\org\apache\logging\log4j\log4j-to-slf4j\2.14.1\log4j-to-slf4j-2.14.1.jar;C:\Users\Leonel\.m2\repository\org\apache\logging\log4j\log4j-api\2.14.1\log4j-api-2.14.1.jar;C:\Users\Leonel\.m2\repository\org\slf4j\jul-to-slf4j\1.7.32\jul-to-slf4j-1.7.32.jar;C:\Users\Leonel\.m2\repository\jakarta\annotation\jakarta.annotation-api\1.3.5\jakarta.annotation-api-1.3.5.jar;C:\Users\Leonel\.m2\repository\org\yaml\snakeyaml\1.28\snakeyaml-1.28.jar;C:\Users\Leonel\.m2\repository\com\fasterxml\jackson\core\jackson-databind\2.12.5\jackson-databind-2.12.5.jar;C:\Users\Leonel\.m2\repository\com\fasterxml\jackson\core\jackson-annotations\2.12.5\jackson-annotations-2.12.5.jar;C:\Users\Leonel\.m2\repository\com\fasterxml\jackson\core\jackson-core\2.12.5\jackson-core-2.12.5.jar;C:\Users\Leonel\.m2\repository\com\fasterxml\jackson\datatype\jackson-datatype-jdk8\2.12.5\jackson-datatype-jdk8-2.12.5.jar;C:\Users\Leonel\.m2\repository\com\fasterxml\jackson\datatype\jackson-datatype-jsr310\2.12.5\jackson-datatype-jsr310-2.12.5.jar;C:\Users\Leonel\.m2\repository\com\fasterxml\jackson\module\jackson-module-parameter-names\2.12.5\jackson-module-parameter-names-2.12.5.jar;C:\Users\Leonel\.m2\repository\org\apache\tomcat\embed\tomcat-embed-core\9.0.53\tomcat-embed-core-9.0.53.jar;C:\Users\Leonel\.m2\repository\org\apache\tomcat\embed\tomcat-embed-el\9.0.53\tomcat-embed-el-9.0.53.jar;C:\Users\Leonel\.m2\repository\org\apache\tomcat\embed\tomcat-embed-websocket\9.0.53\tomcat-embed-websocket-9.0.53.jar;C:\Users\Leonel\.m2\repository\org\springframework\spring-web\5.3.10\spring-web-5.3.10.jar;C:\Users\Leonel\.m2\repository\org\springframework\spring-webmvc\5.3.10\spring-webmvc-5.3.10.jar;C:\Users\Leonel\.m2\repository\org\springframework\spring-expression\5.3.10\spring-expression-5.3.10.jar;C:\Users\Leonel\.m2\repository\org\postgresql\postgresql\42.2.23\postgresql-42.2.23.jar;C:\Users\Leonel\.m2\repository\org\checkerframework\checker-qual\3.5.0\checker-qual-3.5.0.jar;C:\Users\Leonel\.m2\repository\org\modelmapper\modelmapper\2.4.4\modelmapper-2.4.4.jar;C:\Users\Leonel\.m2\repository\jakarta\xml\bind\jakarta.xml.bind-api\2.3.3\jakarta.xml.bind-api-2.3.3.jar;C:\Users\Leonel\.m2\repository\jakarta\activation\jakarta.activation-api\1.2.2\jakarta.activation-api-1.2.2.jar;C:\Users\Leonel\.m2\repository\org\springframework\spring-core\5.3.10\spring-core-5.3.10.jar;C:\Users\Leonel\.m2\repository\org\springframework\spring-jcl\5.3.10\spring-jcl-5.3.10.jar, java.vm.vendor=Oracle Corporation, sun.arch.data.model=64, user.variant=, java.vendor.url=http://java.oracle.com/, catalina.useNaming=false, user.timezone=America/Buenos_Aires, os.name=Windows 10, java.vm.specification.version=11, javax.persistence.validation.mode=AUTO, sun.java.launcher=SUN_STANDARD, user.country=AR, sun.boot.library.path=C:\Program Files\Java\jdk-11.0.5\bin, sun.java.command=com.example.loanapi.LoanApiApplication, javax.persistence.nonJtaDataSource=HikariDataSource (HikariPool-1), hibernate.transaction.jta.platform=org.hibernate.engine.transaction.jta.platform.internal.NoJtaPlatform@16e195cf, javax.persistence.sharedCache.mode=UNSPECIFIED, jdk.debug=release, sun.cpu.endian=little, user.home=C:\Users\Leonel, user.language=es, sun.stderr.encoding=cp850, java.specification.vendor=Oracle Corporation, java.version.date=2019-10-15, java.home=C:\Program Files\Java\jdk-11.0.5, file.separator=\, java.vm.compressedOopsMode=Zero based, line.separator=
, sun.stdout.encoding=cp850, java.specification.name=Java Platform API Specification, java.vm.specification.vendor=Oracle Corporation, FILE_LOG_CHARSET=windows-1252, hibernate.transaction.coordinator_class=class org.hibernate.resource.transaction.backend.jdbc.internal.JdbcResourceLocalTransactionCoordinatorBuilderImpl, java.awt.graphicsenv=sun.awt.Win32GraphicsEnvironment, java.awt.headless=true, hibernate.globally_quoted_identifiers=true, user.script=, sun.management.compiler=HotSpot 64-Bit Tiered Compilers, java.runtime.version=11.0.5+10-LTS, user.name=Leonel, path.separator=;, os.version=10.0, java.runtime.name=Java(TM) SE Runtime Environment, file.encoding=Cp1252, hibernate.ejb.persistenceUnitName=default, spring.beaninfo.ignore=true, java.vm.name=Java HotSpot(TM) 64-Bit Server VM, java.vendor.version=18.9, java.vendor.url.bug=http://bugreport.java.com/bugreport/, java.io.tmpdir=C:\Users\Leonel\AppData\Local\Temp\, com.zaxxer.hikari.pool_number=1, catalina.home=C:\Users\Leonel\AppData\Local\Temp\tomcat.8080.17619287522302804051, java.version=11.0.5, hibernate.physical_naming_strategy=org.hibernate.boot.model.naming.PhysicalNamingStrategyStandardImpl, user.dir=C:\Users\Leonel\Documents\java-workspace\loan-api, os.arch=amd64, java.vm.specification.name=Java Virtual Machine Specification, PID=30928, java.awt.printerjob=sun.awt.windows.WPrinterJob, sun.os.patch.level=, CONSOLE_LOG_CHARSET=windows-1252, catalina.base=C:\Users\Leonel\AppData\Local\Temp\tomcat.8080.17619287522302804051, hibernate.boot.CfgXmlAccessService.key=org.hibernate.boot.registry.StandardServiceRegistryBuilder$1@3212d853, java.library.path=C:\Program Files\Java\jdk-11.0.5\bin;C:\WINDOWS\Sun\Java\bin;C:\WINDOWS\system32;C:\WINDOWS;C:\cmder\vendor\conemu-maximus5\ConEmu\Scripts;C:\cmder\vendor\conemu-maximus5;C:\cmder\vendor\conemu-maximus5\ConEmu;C:\Program Files\Python39\Scripts\;C:\Program Files\Python39\;C:\Program Files\Anaconda3;C:\Program Files\Anaconda3\Library\mingw-w64\bin;C:\Program Files\Anaconda3\Library\usr\bin;C:\Program Files\Anaconda3\Library\bin;C:\Program Files\Anaconda3\Scripts;C:\Program Files (x86)\Intel\Intel(R) Management Engine Components\iCLS\;C:\Program Files\Intel\Intel(R) Management Engine Components\iCLS\;C:\WINDOWS\system32;C:\WINDOWS;C:\WINDOWS\System32\Wbem;C:\WINDOWS\System32\WindowsPowerShell\v1.0\;C:\WINDOWS\System32\OpenSSH\;C:\Program Files (x86)\Intel\Intel(R) Management Engine Components\DAL;C:\Program Files\Intel\Intel(R) Management Engine Components\DAL;C:\opt\apache-maven-3.6.3\bin;C:\Program Files\Java\jdk-11.0.5\bin;C:\Program Files\Java\jdk-11.0.5\bin;C:\opt\apache-tomcat-10.0.2\bin;C:\Program Files\Microsoft VS Code\bin;C:\Program Files\phantomjs-2.1.1-windows\bin;C:\opt\spark-3.0.0-bin-hadoop2.7\bin;C:\TDM-GCC-64\bin;C:\Program Files\PostgreSQL\13\bin;C:\Program Files\Git\cmd;C:\Program Files\Docker\Docker\resources\bin;C:\ProgramData\DockerDesktop\version-bin;C:\Program Files\nodejs\;C:\Program Files\Python\Scripts\;C:\Program Files\Python\;C:\Users\Leonel\AppData\Local\Microsoft\WindowsApps;C:\Program Files\heroku\bin;C:\Users\Leonel\AppData\Roaming\npm;C:\Program Files\Git\mingw64\bin;C:\Program Files\Git\usr\bin;C:\cmder\vendor\bin;C:\cmder;., java.vendor=Oracle Corporation, java.vm.info=mixed mode, java.vm.version=11.0.5+10-LTS, hibernate.bytecode.use_reflection_optimizer=false, sun.io.unicode.encoding=UnicodeLittle, hibernate.archive.scanner=org.hibernate.boot.archive.scan.internal.DisabledScanner, hibernate.connection.datasource=HikariDataSource (HikariPool-1), java.class.version=55.0}
11-10-2021 22:16:53.210 [main] org.hibernate.secure.spi.JaccIntegrator - Skipping JACC integration as it was not enabled
11-10-2021 22:16:53.212 [main] org.hibernate.internal.SessionFactoryImpl - Instantiated session factory
11-10-2021 22:16:53.212 [main] org.hibernate.type.spi.TypeConfiguration$Scope - Scoping TypeConfiguration [org.hibernate.type.spi.TypeConfiguration@2b7facc7] to SessionFactoryImpl [org.hibernate.internal.SessionFactoryImpl@58e03769]
11-10-2021 22:16:53.236 [main] org.hibernate.boot.internal.ClassLoaderAccessImpl - Not known whether passed class name [com.example.loanapi.model.Loan] is safe
11-10-2021 22:16:53.236 [main] org.hibernate.boot.internal.ClassLoaderAccessImpl - No temp ClassLoader provided; using live ClassLoader for loading potentially unsafe class : com.example.loanapi.model.Loan
11-10-2021 22:16:53.330 [main] org.hibernate.boot.internal.ClassLoaderAccessImpl - Not known whether passed class name [com.example.loanapi.model.User] is safe
11-10-2021 22:16:53.331 [main] org.hibernate.boot.internal.ClassLoaderAccessImpl - No temp ClassLoader provided; using live ClassLoader for loading potentially unsafe class : com.example.loanapi.model.User
11-10-2021 22:16:53.346 [main] org.hibernate.persister.collection.AbstractCollectionPersister - Static SQL for collection: com.example.loanapi.model.User.loans
11-10-2021 22:16:53.347 [main] org.hibernate.persister.collection.AbstractCollectionPersister -  Row insert: update "LOAN" set "USER_ID"=? where "ID"=?
11-10-2021 22:16:53.347 [main] org.hibernate.persister.collection.AbstractCollectionPersister -  Row update: update "LOAN" set  where "ID"=?
11-10-2021 22:16:53.348 [main] org.hibernate.persister.collection.AbstractCollectionPersister -  Row delete: update "LOAN" set "USER_ID"=null where "USER_ID"=? and "ID"=?
11-10-2021 22:16:53.348 [main] org.hibernate.persister.collection.AbstractCollectionPersister -  One-shot delete: update "LOAN" set "USER_ID"=null where "USER_ID"=?
11-10-2021 22:16:53.351 [main] org.hibernate.persister.entity.AbstractEntityPersister - Static SQL for entity: com.example.loanapi.model.Loan
11-10-2021 22:16:53.351 [main] org.hibernate.persister.entity.AbstractEntityPersister -  Version select: select "ID" from "LOAN" where "ID" =?
11-10-2021 22:16:53.352 [main] org.hibernate.persister.entity.AbstractEntityPersister -  Snapshot select: select loan_."ID", loan_."TOTAL" as total2_0_, loan_."USER_ID" as user_id3_0_ from "LOAN" loan_ where loan_."ID"=?
11-10-2021 22:16:53.352 [main] org.hibernate.persister.entity.AbstractEntityPersister -  Insert 0: insert into "LOAN" ("TOTAL", "USER_ID", "ID") values (?, ?, ?)
11-10-2021 22:16:53.352 [main] org.hibernate.persister.entity.AbstractEntityPersister -  Update 0: update "LOAN" set "TOTAL"=?, "USER_ID"=? where "ID"=?
11-10-2021 22:16:53.353 [main] org.hibernate.persister.entity.AbstractEntityPersister -  Delete 0: delete from "LOAN" where "ID"=?
11-10-2021 22:16:53.354 [main] org.hibernate.persister.entity.AbstractEntityPersister -  Identity insert: insert into "LOAN" ("TOTAL", "USER_ID") values (?, ?)
11-10-2021 22:16:53.368 [main] org.hibernate.loader.plan.build.internal.spaces.QuerySpacesImpl - Adding QuerySpace : uid = <gen:0> -> org.hibernate.loader.plan.build.internal.spaces.EntityQuerySpaceImpl@70777a65]
11-10-2021 22:16:53.370 [main] org.hibernate.persister.walking.spi.MetamodelGraphWalker - Visiting attribute path : total
11-10-2021 22:16:53.370 [main] org.hibernate.persister.walking.spi.MetamodelGraphWalker - Visiting attribute path : user
11-10-2021 22:16:53.372 [main] org.hibernate.loader.plan.build.internal.spaces.QuerySpacesImpl - Adding QuerySpace : uid = <gen:1> -> org.hibernate.loader.plan.build.internal.spaces.EntityQuerySpaceImpl@53525379]
11-10-2021 22:16:53.374 [main] org.hibernate.persister.walking.spi.MetamodelGraphWalker - Visiting attribute path : user.email
11-10-2021 22:16:53.374 [main] org.hibernate.persister.walking.spi.MetamodelGraphWalker - Visiting attribute path : user.firstName
11-10-2021 22:16:53.374 [main] org.hibernate.persister.walking.spi.MetamodelGraphWalker - Visiting attribute path : user.lastName
11-10-2021 22:16:53.375 [main] org.hibernate.persister.walking.spi.MetamodelGraphWalker - Visiting attribute path : user.loans
11-10-2021 22:16:53.376 [main] org.hibernate.persister.walking.spi.MetamodelGraphWalker - Property path deemed to be circular : user.loans
11-10-2021 22:16:53.376 [main] org.hibernate.loader.plan.build.internal.FetchStyleLoadPlanBuildingAssociationVisitationStrategy - Building LoadPlan...
11-10-2021 22:16:53.381 [main] org.hibernate.loader.plan.exec.internal.LoadQueryJoinAndFetchProcessor - processing queryspace <gen:0>
11-10-2021 22:16:53.384 [main] org.hibernate.loader.plan.build.spi.LoadPlanTreePrinter - LoadPlan(entity=com.example.loanapi.model.Loan)
    - Returns
       - EntityReturnImpl(entity=com.example.loanapi.model.Loan, querySpaceUid=<gen:0>, path=com.example.loanapi.model.Loan)
          - EntityAttributeFetchImpl(entity=com.example.loanapi.model.User, querySpaceUid=<gen:1>, path=com.example.loanapi.model.Loan.user)
    - QuerySpaces
       - EntityQuerySpaceImpl(uid=<gen:0>, entity=com.example.loanapi.model.Loan)
          - SQL table alias mapping - loan0_
          - alias suffix - 0_
          - suffixed key columns - {id1_0_0_}
          - JOIN (JoinDefinedByMetadata(user)) : <gen:0> -> <gen:1>
             - EntityQuerySpaceImpl(uid=<gen:1>, entity=com.example.loanapi.model.User)
                - SQL table alias mapping - user1_
                - alias suffix - 1_
                - suffixed key columns - {id1_1_1_}

11-10-2021 22:16:53.387 [main] org.hibernate.loader.entity.plan.EntityLoader - Static select for entity com.example.loanapi.model.Loan [NONE]: select loan0_."ID" as id1_0_0_, loan0_."TOTAL" as total2_0_0_, loan0_."USER_ID" as user_id3_0_0_, user1_."ID" as id1_1_1_, user1_."EMAIL" as email2_1_1_, user1_."FIRST_NAME" as first_na3_1_1_, user1_."LAST_NAME" as last_nam4_1_1_ from "LOAN" loan0_ left outer join "USER" user1_ on loan0_."USER_ID"=user1_."ID" where loan0_."ID"=?
11-10-2021 22:16:53.388 [main] org.hibernate.persister.entity.AbstractEntityPersister - Static SQL for entity: com.example.loanapi.model.User
11-10-2021 22:16:53.388 [main] org.hibernate.persister.entity.AbstractEntityPersister -  Version select: select "ID" from "USER" where "ID" =?
11-10-2021 22:16:53.388 [main] org.hibernate.persister.entity.AbstractEntityPersister -  Snapshot select: select user_."ID", user_."EMAIL" as email2_1_, user_."FIRST_NAME" as first_na3_1_, user_."LAST_NAME" as last_nam4_1_ from "USER" user_ where user_."ID"=?
11-10-2021 22:16:53.389 [main] org.hibernate.persister.entity.AbstractEntityPersister -  Insert 0: insert into "USER" ("EMAIL", "FIRST_NAME", "LAST_NAME", "ID") values (?, ?, ?, ?)
11-10-2021 22:16:53.389 [main] org.hibernate.persister.entity.AbstractEntityPersister -  Update 0: update "USER" set "EMAIL"=?, "FIRST_NAME"=?, "LAST_NAME"=? where "ID"=?
11-10-2021 22:16:53.389 [main] org.hibernate.persister.entity.AbstractEntityPersister -  Delete 0: delete from "USER" where "ID"=?
11-10-2021 22:16:53.390 [main] org.hibernate.persister.entity.AbstractEntityPersister -  Identity insert: insert into "USER" ("EMAIL", "FIRST_NAME", "LAST_NAME") values (?, ?, ?)
11-10-2021 22:16:53.390 [main] org.hibernate.loader.plan.build.internal.spaces.QuerySpacesImpl - Adding QuerySpace : uid = <gen:0> -> org.hibernate.loader.plan.build.internal.spaces.EntityQuerySpaceImpl@3c3ab672]
11-10-2021 22:16:53.390 [main] org.hibernate.persister.walking.spi.MetamodelGraphWalker - Visiting attribute path : email
11-10-2021 22:16:53.390 [main] org.hibernate.persister.walking.spi.MetamodelGraphWalker - Visiting attribute path : firstName
11-10-2021 22:16:53.391 [main] org.hibernate.persister.walking.spi.MetamodelGraphWalker - Visiting attribute path : lastName
11-10-2021 22:16:53.391 [main] org.hibernate.persister.walking.spi.MetamodelGraphWalker - Visiting attribute path : loans
11-10-2021 22:16:53.392 [main] org.hibernate.loader.plan.build.internal.spaces.QuerySpacesImpl - Adding QuerySpace : uid = <gen:1> -> org.hibernate.loader.plan.build.internal.spaces.CollectionQuerySpaceImpl@39f93225]
11-10-2021 22:16:53.393 [main] org.hibernate.loader.plan.build.internal.spaces.QuerySpacesImpl - Adding QuerySpace : uid = <gen:2> -> org.hibernate.loader.plan.build.internal.spaces.EntityQuerySpaceImpl@17053b5]
11-10-2021 22:16:53.394 [main] org.hibernate.persister.walking.spi.MetamodelGraphWalker - Visiting attribute path : loans.total
11-10-2021 22:16:53.394 [main] org.hibernate.persister.walking.spi.MetamodelGraphWalker - Visiting attribute path : loans.user
11-10-2021 22:16:53.394 [main] org.hibernate.persister.walking.spi.MetamodelGraphWalker - Property path deemed to be circular : loans.user
11-10-2021 22:16:53.395 [main] org.hibernate.loader.plan.build.internal.FetchStyleLoadPlanBuildingAssociationVisitationStrategy - Building LoadPlan...
11-10-2021 22:16:53.395 [main] org.hibernate.loader.plan.exec.internal.LoadQueryJoinAndFetchProcessor - processing queryspace <gen:0>
11-10-2021 22:16:53.397 [main] org.hibernate.loader.plan.build.spi.LoadPlanTreePrinter - LoadPlan(entity=com.example.loanapi.model.User)
    - Returns
       - EntityReturnImpl(entity=com.example.loanapi.model.User, querySpaceUid=<gen:0>, path=com.example.loanapi.model.User)
          - CollectionAttributeFetchImpl(collection=com.example.loanapi.model.User.loans, querySpaceUid=<gen:1>, path=com.example.loanapi.model.User.loans)
             - (collection element) CollectionFetchableElementEntityGraph(entity=com.example.loanapi.model.Loan, querySpaceUid=<gen:2>, path=com.example.loanapi.model.User.loans.<elements>)
    - QuerySpaces
       - EntityQuerySpaceImpl(uid=<gen:0>, entity=com.example.loanapi.model.User)
          - SQL table alias mapping - user0_
          - alias suffix - 0_
          - suffixed key columns - {id1_1_0_}
          - JOIN (JoinDefinedByMetadata(loans)) : <gen:0> -> <gen:1>
             - CollectionQuerySpaceImpl(uid=<gen:1>, collection=com.example.loanapi.model.User.loans)
                - SQL table alias mapping - loans1_
                - alias suffix - 1_
                - suffixed key columns - {user_id3_0_1_}
                - entity-element alias suffix - 2_
                - 2_entity-element suffixed key columns - id1_0_2_
                - JOIN (JoinDefinedByMetadata(elements)) : <gen:1> -> <gen:2>
                   - EntityQuerySpaceImpl(uid=<gen:2>, entity=com.example.loanapi.model.Loan)
                      - SQL table alias mapping - loans1_
                      - alias suffix - 2_
                      - suffixed key columns - {id1_0_2_}

11-10-2021 22:16:53.400 [main] org.hibernate.loader.entity.plan.EntityLoader - Static select for entity com.example.loanapi.model.User [NONE]: select user0_."ID" as id1_1_0_, user0_."EMAIL" as email2_1_0_, user0_."FIRST_NAME" as first_na3_1_0_, user0_."LAST_NAME" as last_nam4_1_0_, loans1_."USER_ID" as user_id3_0_1_, loans1_."ID" as id1_0_1_, loans1_."ID" as id1_0_2_, loans1_."TOTAL" as total2_0_2_, loans1_."USER_ID" as user_id3_0_2_ from "USER" user0_ left outer join "LOAN" loans1_ on user0_."ID"=loans1_."USER_ID" where user0_."ID"=?
11-10-2021 22:16:53.403 [main] org.hibernate.loader.plan.build.internal.spaces.QuerySpacesImpl - Adding QuerySpace : uid = <gen:0> -> org.hibernate.loader.plan.build.internal.spaces.CollectionQuerySpaceImpl@dde6f87]
11-10-2021 22:16:53.403 [main] org.hibernate.loader.plan.build.internal.spaces.QuerySpacesImpl - Adding QuerySpace : uid = <gen:1> -> org.hibernate.loader.plan.build.internal.spaces.EntityQuerySpaceImpl@7884f722]
11-10-2021 22:16:53.404 [main] org.hibernate.persister.walking.spi.MetamodelGraphWalker - Visiting attribute path : total
11-10-2021 22:16:53.404 [main] org.hibernate.persister.walking.spi.MetamodelGraphWalker - Visiting attribute path : user
11-10-2021 22:16:53.404 [main] org.hibernate.persister.walking.spi.MetamodelGraphWalker - Property path deemed to be circular : user
11-10-2021 22:16:53.404 [main] org.hibernate.loader.plan.build.internal.FetchStyleLoadPlanBuildingAssociationVisitationStrategy - Building LoadPlan...
11-10-2021 22:16:53.406 [main] org.hibernate.loader.plan.exec.internal.LoadQueryJoinAndFetchProcessor - processing queryspace <gen:0>
11-10-2021 22:16:53.407 [main] org.hibernate.loader.plan.build.spi.LoadPlanTreePrinter - LoadPlan(collection=com.example.loanapi.model.User.loans)
    - Returns
       - CollectionReturnImpl(collection=com.example.loanapi.model.User.loans, querySpaceUid=<gen:0>, path=[com.example.loanapi.model.User.loans])
          - (collection element) CollectionFetchableElementEntityGraph(entity=com.example.loanapi.model.Loan, querySpaceUid=<gen:1>, path=[com.example.loanapi.model.User.loans].<elements>)
    - QuerySpaces
       - CollectionQuerySpaceImpl(uid=<gen:0>, collection=com.example.loanapi.model.User.loans)
          - SQL table alias mapping - loans0_
          - alias suffix - 0_
          - suffixed key columns - {user_id3_0_0_}
          - entity-element alias suffix - 1_
          - 1_entity-element suffixed key columns - id1_0_1_
          - JOIN (JoinDefinedByMetadata(elements)) : <gen:0> -> <gen:1>
             - EntityQuerySpaceImpl(uid=<gen:1>, entity=com.example.loanapi.model.Loan)
                - SQL table alias mapping - loans0_
                - alias suffix - 1_
                - suffixed key columns - {id1_0_1_}

11-10-2021 22:16:53.409 [main] org.hibernate.loader.collection.plan.CollectionLoader - Static select for collection com.example.loanapi.model.User.loans: select loans0_."USER_ID" as user_id3_0_0_, loans0_."ID" as id1_0_0_, loans0_."ID" as id1_0_1_, loans0_."TOTAL" as total2_0_1_, loans0_."USER_ID" as user_id3_0_1_ from "LOAN" loans0_ where loans0_."USER_ID"=?
11-10-2021 22:16:53.425 [main] org.hibernate.tool.schema.spi.SchemaManagementToolCoordinator - No actions specified; doing nothing
11-10-2021 22:16:53.426 [main] org.hibernate.engine.transaction.jta.platform.internal.JtaPlatformInitiator - HHH000490: Using JtaPlatform implementation: [org.hibernate.engine.transaction.jta.platform.internal.NoJtaPlatform]
11-10-2021 22:16:53.427 [main] org.hibernate.query.spi.NamedQueryRepository - Checking 0 named HQL queries
11-10-2021 22:16:53.427 [main] org.hibernate.query.spi.NamedQueryRepository - Checking 0 named SQL queries
11-10-2021 22:16:53.433 [main] org.hibernate.internal.SessionFactoryRegistry - Initializing SessionFactoryRegistry : org.hibernate.internal.SessionFactoryRegistry@4882b9a
11-10-2021 22:16:53.433 [main] org.hibernate.internal.SessionFactoryRegistry - Registering SessionFactory: f23603b1-8522-4ec9-8577-3c72bd178bae (<unnamed>)
11-10-2021 22:16:53.434 [main] org.hibernate.internal.SessionFactoryRegistry - Not binding SessionFactory to JNDI, no JNDI name configured
11-10-2021 22:16:53.537 [main] org.hibernate.stat.internal.StatisticsInitiator - Statistics initialized [enabled=false]
11-10-2021 22:16:53.613 [main] org.hibernate.engine.transaction.internal.TransactionImpl - On TransactionImpl creation, JpaCompliance#isJpaTransactionComplianceEnabled == false
11-10-2021 22:17:04.105 [SpringApplicationShutdownHook] org.hibernate.internal.SessionFactoryImpl - HHH000031: Closing
11-10-2021 22:17:04.106 [SpringApplicationShutdownHook] org.hibernate.type.spi.TypeConfiguration$Scope - Un-scoping TypeConfiguration [org.hibernate.type.spi.TypeConfiguration$Scope@5d6328d1] from SessionFactory [org.hibernate.internal.SessionFactoryImpl@58e03769]
11-10-2021 22:17:04.107 [SpringApplicationShutdownHook] org.hibernate.service.internal.AbstractServiceRegistryImpl - Implicitly destroying ServiceRegistry on de-registration of all child ServiceRegistries
11-10-2021 22:17:04.107 [SpringApplicationShutdownHook] org.hibernate.boot.registry.internal.BootstrapServiceRegistryImpl - Implicitly destroying Boot-strap registry on de-registration of all child ServiceRegistries
